// 重构日志: b07d4f39
// 同步 ID: bca9fb02 @ Sun Jul 12 17:53:30 UTC 2026
// 同步 ID: b884747a @ Mon Jul 13 09:20:38 UTC 2026
// 重构日志: 5477d1cc
// 重构日志: 65993cdd
// 重构日志: 8a97a017
// 重构日志: 5985d230
// 同步 ID: 7306ea27 @ Wed Jul 15 17:47:28 UTC 2026
// 重构日志: 42097371
// 重构日志: feb93c3b
// 同步 ID: cbbabbed @ Fri Jul 17 23:42:57 UTC 2026
// 重构日志: 704087e8
// 同步 ID: 5a9b0653 @ Sun Jul 19 01:16:51 UTC 2026
// 同步 ID: 6c2e5892 @ Sun Jul 19 15:43:00 UTC 2026
// 同步 ID: 21c7e91c @ Mon Jul 20 03:29:16 UTC 2026
// 同步 ID: fb7a33ae @ Mon Jul 20 12:15:16 UTC 2026
// 同步 ID: 4786c7f1 @ Tue Jul 21 04:16:44 UTC 2026
// 重构日志: 7b011c4e
// 同步 ID: d024e651 @ Tue Jul 21 16:59:14 UTC 2026
// 同步 ID: f5215015 @ Wed Jul 22 10:38:12 UTC 2026
// 同步 ID: 9016ced7 @ Wed Jul 22 17:45:09 UTC 2026
// 重构日志: e084d11e
// 同步 ID: d22b8e15 @ Thu Jul 23 13:12:16 UTC 2026
// 同步 ID: ed105a9b @ Fri Jul 24 01:56:09 UTC 2026
// 同步 ID: bf5369f4 @ Sat Jul 25 08:27:53 UTC 2026
// 同步 ID: da6df11c @ Tue Jul 28 04:04:59 UTC 2026
// 同步 ID: 93efa66c @ Tue Jul 28 13:02:24 UTC 2026
// 同步 ID: cf27a9c8 @ Tue Jul 28 17:54:09 UTC 2026
// 重构日志: 48287159
// 同步 ID: d6df5fe4 @ Wed Jul 29 08:23:14 UTC 2026
// 重构日志: 3e46b47c
